
> vantage_movers_server@1.0.0 test:csi:fanout:replica C:\Users\Pinda\Proyectos\vantage\vantage-main-server
> node --import tsx scripts/test-csi-fanout.ts

CSI-03 isolated replica proof: testvantagemovers_csi035f1d92db7602; loopback replica csi01 on port 27189
[QueueClient] Region not detected — defaulting to "iad1". On Vercel this is set automatically via VERCEL_REGION. To silence this warning, pass region explicitly: new QueueClient({ region: "iad1" })
{"level":"info","time":"2026-09-18T18:40:46.701Z","service":"vantage-main-server","env":"development","msg":"mongo.dns.servers_configured","servers":["8.8.8.8","1.1.1.1"]}
{"level":"info","time":"2026-09-18T18:41:07.544Z","service":"vantage-main-server","env":"development","msg":"ringcentral.webhook.received","receivedAt":"2026-09-18T18:41:07.542Z","method":"POST","validationTokenPresent":false,"contentType":"application/json","userAgent":"node","eventHeaders":{},"subscriptionId":"synthetic-subscription","telephonySessionId":"s-fan-1","partyId":"p-s-fan-1-queue","event":"/restapi/v1.0/account/800000000001/telephony/sessions"}
{"level":"info","time":"2026-09-18T18:41:07.564Z","service":"vantage-main-server","env":"development","msg":"ringcentral.webhook.capture.persisted","receivedAt":"2026-09-18T18:41:07.542Z","subscriptionId":"synthetic-subscription","telephonySessionId":"s-fan-1","partyId":"p-s-fan-1-queue","event":"/restapi/v1.0/account/800000000001/telephony/sessions"}
{"level":"info","time":"2026-09-18T18:41:07.653Z","service":"vantage-main-server","env":"development","msg":"ringcentral.webhook.processing.disabled","subscriptionId":"synthetic-subscription","telephonySessionId":"s-fan-1"}
{"level":"info","time":"2026-09-18T18:41:07.709Z","service":"vantage-main-server","env":"development","msg":"ringcentral.webhook.received","receivedAt":"2026-09-18T18:41:07.709Z","method":"POST","validationTokenPresent":false,"contentType":"application/json","userAgent":"node","eventHeaders":{},"subscriptionId":"synthetic-subscription","telephonySessionId":"s-fan-1","partyId":"p-s-fan-1-queue","event":"/restapi/v1.0/account/800000000001/telephony/sessions"}
{"level":"info","time":"2026-09-18T18:41:07.721Z","service":"vantage-main-server","env":"development","msg":"ringcentral.webhook.capture.duplicate_acknowledged","uuid":"s-fan-1-u1"}
{"level":"info","time":"2026-09-18T18:41:07.762Z","service":"vantage-main-server","env":"development","msg":"ringcentral.webhook.processing.disabled","subscriptionId":"synthetic-subscription","telephonySessionId":"s-fan-1"}
▶ CSI-03 isolated replica proof
  ✔ route acknowledges only after receipt and deduplicated job are durable; duplicate uuid yields one receipt and one job (384.6248ms)
{"level":"info","time":"2026-09-18T18:41:07.811Z","service":"vantage-main-server","env":"development","msg":"ringcentral.webhook.received","receivedAt":"2026-09-18T18:41:07.811Z","method":"POST","validationTokenPresent":false,"contentType":"application/json","userAgent":"node","eventHeaders":{},"subscriptionId":"synthetic-subscription","telephonySessionId":"s-fan-1","partyId":"p-s-fan-1-queue","event":"/restapi/v1.0/account/800000000001/telephony/sessions"}
{"level":"info","time":"2026-09-18T18:41:07.823Z","service":"vantage-main-server","env":"development","msg":"ringcentral.webhook.capture.persisted","receivedAt":"2026-09-18T18:41:07.811Z","subscriptionId":"synthetic-subscription","telephonySessionId":"s-fan-1","partyId":"p-s-fan-1-queue","event":"/restapi/v1.0/account/800000000001/telephony/sessions"}
{"level":"info","time":"2026-09-18T18:41:07.823Z","service":"vantage-main-server","env":"development","msg":"ringcentral.webhook.processing.disabled","subscriptionId":"synthetic-subscription","telephonySessionId":"s-fan-1"}
{"level":"info","time":"2026-09-18T18:41:07.859Z","service":"vantage-main-server","env":"development","msg":"ringcentral.webhook.received","receivedAt":"2026-09-18T18:41:07.859Z","method":"POST","validationTokenPresent":false,"contentType":"application/json","userAgent":"node","eventHeaders":{},"subscriptionId":"synthetic-subscription","telephonySessionId":"s-fan-1","partyId":"p-s-fan-1-queue","event":"/restapi/v1.0/account/800000000001/telephony/sessions"}
{"level":"info","time":"2026-09-18T18:41:07.873Z","service":"vantage-main-server","env":"development","msg":"ringcentral.webhook.capture.persisted","receivedAt":"2026-09-18T18:41:07.859Z","subscriptionId":"synthetic-subscription","telephonySessionId":"s-fan-1","partyId":"p-s-fan-1-queue","event":"/restapi/v1.0/account/800000000001/telephony/sessions"}
{"level":"info","time":"2026-09-18T18:41:08.299Z","service":"vantage-main-server","env":"development","msg":"ringcentral.webhook.candidate_decision","telephonySessionId":"s-fan-1","partyId":"p-s-fan-1-queue","decisionStatus":"rejected","decisionReason":"target_number_not_matched","wouldCreateCallLead":false}
{"level":"info","time":"2026-09-18T18:41:08.380Z","service":"vantage-main-server","env":"development","msg":"ringcentral.webhook.candidate_decision","telephonySessionId":"s-fan-1","partyId":"p-s-fan-1-rep","decisionStatus":"rejected","decisionReason":"target_number_not_matched","wouldCreateCallLead":false}
{"level":"info","time":"2026-09-18T18:41:08.801Z","service":"vantage-main-server","env":"development","msg":"ringcentral.webhook.session_decision","telephonySessionId":"s-fan-1","decisionStatus":"rejected","statusChanged":true,"wouldCreateCallLead":false,"ingestEligible":false,"ingestAction":null}
  ✔ flag matrix: capture off creates no CSI job while the qualified path is unchanged; capture on with qualification processing on still creates the job (1030.4805ms)
{"level":"info","time":"2026-09-18T18:41:08.839Z","service":"vantage-main-server","env":"development","msg":"ringcentral.webhook.received","receivedAt":"2026-09-18T18:41:08.839Z","method":"POST","validationTokenPresent":false,"contentType":"application/json","userAgent":"node","eventHeaders":{},"subscriptionId":"synthetic-subscription","telephonySessionId":"s-nouuid","partyId":"p-nouuid","event":"/restapi/v1.0/account/800000000001/telephony/sessions"}
{"level":"info","time":"2026-09-18T18:41:08.860Z","service":"vantage-main-server","env":"development","msg":"ringcentral.webhook.capture.persisted","receivedAt":"2026-09-18T18:41:08.839Z","subscriptionId":"synthetic-subscription","telephonySessionId":"s-nouuid","partyId":"p-nouuid","event":"/restapi/v1.0/account/800000000001/telephony/sessions"}
{"level":"info","time":"2026-09-18T18:41:08.912Z","service":"vantage-main-server","env":"development","msg":"ringcentral.webhook.processing.disabled","subscriptionId":"synthetic-subscription","telephonySessionId":"s-nouuid"}
{"level":"info","time":"2026-09-18T18:41:08.920Z","service":"vantage-main-server","env":"development","msg":"ringcentral.webhook.received","receivedAt":"2026-09-18T18:41:08.920Z","method":"POST","validationTokenPresent":false,"contentType":"application/json","userAgent":"node","eventHeaders":{},"subscriptionId":null,"telephonySessionId":null,"partyId":null,"event":"/restapi/v1.0/account/~/telephony/sessions"}
{"level":"info","time":"2026-09-18T18:41:08.934Z","service":"vantage-main-server","env":"development","msg":"ringcentral.webhook.capture.persisted","receivedAt":"2026-09-18T18:41:08.920Z","subscriptionId":null,"telephonySessionId":null,"partyId":null,"event":"/restapi/v1.0/account/~/telephony/sessions"}
{"level":"info","time":"2026-09-18T18:41:08.934Z","service":"vantage-main-server","env":"development","msg":"ringcentral.webhook.processing.disabled","subscriptionId":null,"telephonySessionId":null}
  ✔ receipt without a provider uuid still gets a job keyed by receipt id (112.5542ms)
{"level":"info","time":"2026-09-18T18:41:08.951Z","service":"vantage-main-server","env":"development","msg":"ringcentral.webhook.received","receivedAt":"2026-09-18T18:41:08.951Z","method":"POST","validationTokenPresent":false,"contentType":"application/json","userAgent":"node","eventHeaders":{},"subscriptionId":"synthetic-subscription","telephonySessionId":"s-fan-1","partyId":"p-s-fan-1-rep","event":"/restapi/v1.0/account/800000000001/telephony/sessions"}
{"level":"info","time":"2026-09-18T18:41:08.966Z","service":"vantage-main-server","env":"development","msg":"ringcentral.webhook.capture.persisted","receivedAt":"2026-09-18T18:41:08.951Z","subscriptionId":"synthetic-subscription","telephonySessionId":"s-fan-1","partyId":"p-s-fan-1-rep","event":"/restapi/v1.0/account/800000000001/telephony/sessions"}
{"level":"error","time":"2026-09-18T18:41:08.988Z","service":"vantage-main-server","env":"development","msg":"sales_intelligence.capture.fanout.enqueue_failed","receiptId":"6aad85c4f3a1ee73d8cadf24","errorName":"Error","errorCode":null}
{"level":"warn","time":"2026-09-18T18:41:08.990Z","service":"vantage-main-server","env":"development","msg":"sales_intelligence.capture.fanout.enqueue_failed","observability_level":"warn","category":"ringcentral","workflow":"sales_intelligence"}
{"level":"info","time":"2026-09-18T18:41:08.990Z","service":"vantage-main-server","env":"development","msg":"ringcentral.webhook.processing.disabled","subscriptionId":"synthetic-subscription","telephonySessionId":"s-fan-1"}
  ✔ enqueue failure after a durable receipt is acknowledged; watermark recovery closes the missing-job gap exactly once (922.5798ms)
{"level":"warn","time":"2026-09-18T18:41:09.957Z","service":"vantage-main-server","env":"development","msg":"sales_intelligence.capture.recovery.receipt_quarantined","leaseOwnerHash":"a6fd47ac5afa","receiptId":"6aad85c5f3a1ee73d8cadf29","errorCode":"IDEMPOTENCY_CONFLICT"}
{"level":"warn","time":"2026-09-18T18:41:10.025Z","service":"vantage-main-server","env":"development","msg":"sales_intelligence.capture.recovery.receipt_quarantined","leaseOwnerHash":"4690b4c271a6","receiptId":"6aad85c5f3a1ee73d8cadf29","errorCode":"IDEMPOTENCY_CONFLICT"}
  ✔ watermark recovery pages forward within a run, never regresses the stored watermark, and quarantines deterministic failures (review finding 1 and 4) (296.0797ms)
  ✔ worker: loads the stored receipt, projects with the job id as request_id, completes with visible result and job audit; replay on the completed job is not claimable (333.2811ms)
{"level":"info","time":"2026-09-18T18:41:10.506Z","service":"vantage-main-server","env":"development","msg":"ringcentral.webhook.received","receivedAt":"2026-09-18T18:41:10.506Z","method":"POST","validationTokenPresent":false,"contentType":"application/json","userAgent":"node","eventHeaders":{},"subscriptionId":"synthetic-subscription","telephonySessionId":"s-unres","partyId":"p-unres","event":"/restapi/v1.0/account/~/telephony/sessions"}
{"level":"info","time":"2026-09-18T18:41:10.518Z","service":"vantage-main-server","env":"development","msg":"ringcentral.webhook.capture.persisted","receivedAt":"2026-09-18T18:41:10.506Z","subscriptionId":"synthetic-subscription","telephonySessionId":"s-unres","partyId":"p-unres","event":"/restapi/v1.0/account/~/telephony/sessions"}
{"level":"info","time":"2026-09-18T18:41:10.547Z","service":"vantage-main-server","env":"development","msg":"ringcentral.webhook.processing.disabled","subscriptionId":"synthetic-subscription","telephonySessionId":"s-unres"}
{"level":"warn","time":"2026-09-18T18:41:10.583Z","service":"vantage-main-server","env":"development","msg":"sales_intelligence.capture.webhook.observe_failed","telephonySessionId":"s-unres","errorCode":"account_unresolved","errorName":"ProviderAccountError"}
  ✔ worker: per-session account_unresolved stays visible in the job result and audit; the job completes rather than retrying a deterministic failure (130.3393ms)
{"level":"info","time":"2026-09-18T18:41:10.647Z","service":"vantage-main-server","env":"development","msg":"ringcentral.webhook.received","receivedAt":"2026-09-18T18:41:10.647Z","method":"POST","validationTokenPresent":false,"contentType":"application/json","userAgent":"node","eventHeaders":{},"subscriptionId":"synthetic-subscription","telephonySessionId":"s-retry-1","partyId":"p-s-retry-1-rep","event":"/restapi/v1.0/account/800000000001/telephony/sessions"}
{"level":"info","time":"2026-09-18T18:41:10.656Z","service":"vantage-main-server","env":"development","msg":"ringcentral.webhook.capture.persisted","receivedAt":"2026-09-18T18:41:10.647Z","subscriptionId":"synthetic-subscription","telephonySessionId":"s-retry-1","partyId":"p-s-retry-1-rep","event":"/restapi/v1.0/account/800000000001/telephony/sessions"}
{"level":"info","time":"2026-09-18T18:41:10.679Z","service":"vantage-main-server","env":"development","msg":"ringcentral.webhook.processing.disabled","subscriptionId":"synthetic-subscription","telephonySessionId":"s-retry-1"}
{"level":"warn","time":"2026-09-18T18:41:10.710Z","service":"vantage-main-server","env":"development","msg":"sales_intelligence.capture.webhook.observe_failed","telephonySessionId":"s-retry-1","errorCode":"persist_failed","errorName":"Error"}
  ✔ worker: retryable per-session failure retries the job with the partial result on the row (397.2944ms)
{"level":"info","time":"2026-09-18T18:41:11.034Z","service":"vantage-main-server","env":"development","msg":"ringcentral.webhook.received","receivedAt":"2026-09-18T18:41:11.033Z","method":"POST","validationTokenPresent":false,"contentType":"application/json","userAgent":"node","eventHeaders":{},"subscriptionId":"synthetic-subscription","telephonySessionId":"s-race-1","partyId":"p-s-race-1-rep","event":"/restapi/v1.0/account/800000000001/telephony/sessions"}
{"level":"info","time":"2026-09-18T18:41:11.042Z","service":"vantage-main-server","env":"development","msg":"ringcentral.webhook.capture.persisted","receivedAt":"2026-09-18T18:41:11.033Z","subscriptionId":"synthetic-subscription","telephonySessionId":"s-race-1","partyId":"p-s-race-1-rep","event":"/restapi/v1.0/account/800000000001/telephony/sessions"}
{"level":"info","time":"2026-09-18T18:41:11.099Z","service":"vantage-main-server","env":"development","msg":"ringcentral.webhook.processing.disabled","subscriptionId":"synthetic-subscription","telephonySessionId":"s-race-1"}
{"level":"info","time":"2026-09-18T18:41:11.379Z","service":"vantage-main-server","env":"development","msg":"ringcentral.webhook.received","receivedAt":"2026-09-18T18:41:11.378Z","method":"POST","validationTokenPresent":false,"contentType":"application/json","userAgent":"node","eventHeaders":{},"subscriptionId":"synthetic-subscription","telephonySessionId":"s-race-1","partyId":"p-s-race-1-rep","event":"/restapi/v1.0/account/800000000001/telephony/sessions"}
{"level":"info","time":"2026-09-18T18:41:11.386Z","service":"vantage-main-server","env":"development","msg":"ringcentral.webhook.capture.persisted","receivedAt":"2026-09-18T18:41:11.378Z","subscriptionId":"synthetic-subscription","telephonySessionId":"s-race-1","partyId":"p-s-race-1-rep","event":"/restapi/v1.0/account/800000000001/telephony/sessions"}
{"level":"info","time":"2026-09-18T18:41:11.410Z","service":"vantage-main-server","env":"development","msg":"ringcentral.webhook.processing.disabled","subscriptionId":"synthetic-subscription","telephonySessionId":"s-race-1"}
  ✔ concurrent workers on one job: one claims, the other is not claimable; an expired lease holder cannot complete or fail after a successor claims (640.0867ms)
{"level":"info","time":"2026-09-18T18:41:11.814Z","service":"vantage-main-server","env":"development","msg":"sales_intelligence.consumer.handled","status":"dispatched","stage":"capture_projection","jobId":"6aad85c3b0bf99d83d192034"}
  ✔ queue consumer and recovery cron call the same handler; foreign stages are left pending, not claimed (699.5777ms)
✔ CSI-03 isolated replica proof (26326.4356ms)
ℹ tests 11
ℹ suites 0
ℹ pass 11
ℹ fail 0
ℹ cancelled 0
ℹ skipped 0
ℹ todo 0
ℹ duration_ms 38854.2569
