
> vantage_movers_server@1.0.0 test:csi:replica C:\Users\Pinda\Proyectos\vantage\vantage-main-server
> node --import tsx scripts/test-csi-foundation.ts

CSI isolated replica proof: testvantagemovers_csi110881c68c89; loopback replica csi01 on port 27189
▶ CSI-01 isolated replica proof
  ✔ migration report does not write; unresolved accounts block apply; verified mappings preserve legacy data (2561.3224ms)
  ✔ runtime fails closed without a unique fence; obsolete single-action index blocks migration (414.2779ms)
  ✔ bounded retries and permission pause preserve pending work (91.5379ms)
  ✔ analysis content finalizes once and snapshots remain immutable (77.4218ms)
  ✔ subject, alias, commitment and submission fences; multiple nullable dates (51.5344ms)
  ✔ idempotency replay/conflict and transaction rollback of aggregate/audit/job/command (61.9035ms)
  ✔ concurrent Owner revisions have one winner (46.0325ms)
  ✔ concurrent same-key commands replay once (46.1357ms)
  ✔ job dedupe, claim recovery, old epochs and expiry inside effect transaction (422.5725ms)
  ✔ budget races never over-admit and reconcile/release once (351.2057ms)
  ✔ job dedupe cannot replay across deployments (28.0496ms)
  ✔ stored run token enforces job subject, deployment and current lease (140.15ms)
  ✔ new budget period resumes current dataset once, not future periods or permission pauses (138.6334ms)
  ✔ policy CAS preserves immutable versions and one concurrent winner (196.0251ms)
✔ CSI-01 isolated replica proof (4717.7985ms)
ℹ tests 15
ℹ suites 0
ℹ pass 15
ℹ fail 0
ℹ cancelled 0
ℹ skipped 0
ℹ todo 0
ℹ duration_ms 6211.9429
