
> vantage_movers_server@1.0.0 test:csi:media:replica C:\Users\Pinda\Proyectos\vantage\vantage-main-server
> node --import tsx scripts/test-csi-media.ts

CSI-11 isolated replica proof: testvantagemovers_csi11d95c35462e5a; loopback replica csi01 on port 27189
{"level":"info","time":"2026-09-18T21:11:18.429Z","service":"vantage-main-server","env":"development","msg":"mongo.dns.servers_configured","servers":["8.8.8.8","1.1.1.1"]}
▶ CSI-11 disposable replica proofs (all provider bytes synthetic)
  ✔ seeded private audio is available but does not prove recording_content capability (49.9379ms)
  ✔ discovery dispatch, completed-job replay, account uniqueness and durable-before-wake (332.073ms)
  ✔ pending job remains pending without a fabricated conversation, then Call Log supplies id (202.3913ms)
  ✔ merge tombstone resolves current canonical interaction (119.6309ms)
  ✔ missing CSI-05/10 stays undetermined and never calls a provider (128.3426ms)
{"level":"warn","time":"2026-09-18T21:11:22.074Z","service":"vantage-main-server","env":"development","msg":"sales_intelligence.conversation.unavailable","observability_level":"warn","category":"ringcentral","workflow":"sales_intelligence"}
{"level":"info","time":"2026-09-18T21:11:22.152Z","service":"vantage-main-server","env":"development","msg":"sales_intelligence.conversation.media_stored","observability_level":"info","category":"ringcentral","workflow":"sales_intelligence"}
  ✔ 404 pending then success; media digest retained on replay and no overwrite (261.5907ms)
{"level":"warn","time":"2026-09-18T21:11:22.367Z","service":"vantage-main-server","env":"development","msg":"sales_intelligence.conversation.unavailable","observability_level":"warn","category":"ringcentral","workflow":"sales_intelligence"}
  ✔ 404 availability window exhaustion is explicit no_recording (158.2279ms)
{"level":"warn","time":"2026-09-18T21:11:22.476Z","service":"vantage-main-server","env":"development","msg":"sales_intelligence.conversation.unavailable","observability_level":"warn","category":"ringcentral","workflow":"sales_intelligence"}
{"level":"info","time":"2026-09-18T21:11:22.650Z","service":"vantage-main-server","env":"development","msg":"sales_intelligence.conversation.media_stored","observability_level":"info","category":"ringcentral","workflow":"sales_intelligence"}
  ✔ 403 denied and 24h retry; Coverage transitions and every read is read-only (292.3474ms)
{"level":"warn","time":"2026-09-18T21:11:22.779Z","service":"vantage-main-server","env":"development","msg":"sales_intelligence.conversation.unavailable","observability_level":"warn","category":"ringcentral","workflow":"sales_intelligence"}
{"level":"info","time":"2026-09-18T21:11:22.841Z","service":"vantage-main-server","env":"development","msg":"sales_intelligence.conversation.media_stored","observability_level":"info","category":"ringcentral","workflow":"sales_intelligence"}
{"level":"warn","time":"2026-09-18T21:11:22.987Z","service":"vantage-main-server","env":"development","msg":"sales_intelligence.conversation.unavailable","observability_level":"warn","category":"ringcentral","workflow":"sales_intelligence"}
{"level":"info","time":"2026-09-18T21:11:23.053Z","service":"vantage-main-server","env":"development","msg":"sales_intelligence.conversation.media_stored","observability_level":"info","category":"ringcentral","workflow":"sales_intelligence"}
  ✔ 429 honors Retry-After or default without burning failure attempts (391.4907ms)
{"level":"warn","time":"2026-09-18T21:11:23.172Z","service":"vantage-main-server","env":"development","msg":"sales_intelligence.conversation.unavailable","observability_level":"warn","category":"ringcentral","workflow":"sales_intelligence"}
{"level":"warn","time":"2026-09-18T21:11:23.209Z","service":"vantage-main-server","env":"development","msg":"sales_intelligence.conversation.unavailable","observability_level":"warn","category":"ringcentral","workflow":"sales_intelligence"}
{"level":"warn","time":"2026-09-18T21:11:23.251Z","service":"vantage-main-server","env":"development","msg":"sales_intelligence.conversation.unavailable","observability_level":"warn","category":"ringcentral","workflow":"sales_intelligence"}
{"level":"warn","time":"2026-09-18T21:11:23.293Z","service":"vantage-main-server","env":"development","msg":"sales_intelligence.conversation.unavailable","observability_level":"warn","category":"ringcentral","workflow":"sales_intelligence"}
{"level":"warn","time":"2026-09-18T21:11:23.338Z","service":"vantage-main-server","env":"development","msg":"sales_intelligence.conversation.unavailable","observability_level":"warn","category":"ringcentral","workflow":"sales_intelligence"}
{"level":"warn","time":"2026-09-18T21:11:23.379Z","service":"vantage-main-server","env":"development","msg":"sales_intelligence.conversation.unavailable","observability_level":"warn","category":"ringcentral","workflow":"sales_intelligence"}
{"level":"warn","time":"2026-09-18T21:11:23.416Z","service":"vantage-main-server","env":"development","msg":"sales_intelligence.conversation.unavailable","observability_level":"warn","category":"ringcentral","workflow":"sales_intelligence"}
{"level":"warn","time":"2026-09-18T21:11:23.457Z","service":"vantage-main-server","env":"development","msg":"sales_intelligence.conversation.failed","observability_level":"warn","category":"ringcentral","workflow":"sales_intelligence"}
  ✔ eight transient errors dead-letter and atomically project failure (415.2664ms)
{"level":"warn","time":"2026-09-18T21:11:23.561Z","service":"vantage-main-server","env":"development","msg":"sales_intelligence.conversation.failed","observability_level":"warn","category":"ringcentral","workflow":"sales_intelligence"}
  ✔ expired eighth claim recovers failure projection once without a ninth provider call (103.0894ms)
{"level":"info","time":"2026-09-18T21:11:23.707Z","service":"vantage-main-server","env":"development","msg":"sales_intelligence.conversation.media_stored","observability_level":"info","category":"ringcentral","workflow":"sales_intelligence"}
  ✔ media completion rechecks concurrent Owner exclusion and suppresses downstream hook (140.1813ms)
{"level":"info","time":"2026-09-18T21:11:23.983Z","service":"vantage-main-server","env":"development","msg":"sales_intelligence.conversation.media_stored","observability_level":"info","category":"ringcentral","workflow":"sales_intelligence"}
  ✔ restored eligibility reschedules a skipped media job once across concurrent discovery revisions (309.9048ms)
  ✔ concurrent discovery claims preserve one account recording (74.4931ms)
{"level":"warn","time":"2026-09-18T21:11:24.202Z","service":"vantage-main-server","env":"development","msg":"sales_intelligence.conversation.unavailable","observability_level":"warn","category":"ringcentral","workflow":"sales_intelligence"}
  ✔ oversize provider media is terminal unavailable and never uploads (108.1694ms)
  ✔ discovery transaction rolls back conversation refresh and pointer on conflicting media intent (115.0973ms)
{"level":"info","time":"2026-09-18T21:11:24.493Z","service":"vantage-main-server","env":"development","msg":"sales_intelligence.conversation.media_stored","observability_level":"info","category":"ringcentral","workflow":"sales_intelligence"}
  ✔ concurrent workers elect one; expired epoch cannot commit media (180.4146ms)
  ✔ fenced failure callback rolls back effects when lease expires (234.6202ms)
  ✔ database eligibility reads validate Lead refs, ambiguity, Owner review and effective reviewed rep (175.1997ms)
✔ CSI-11 disposable replica proofs (all provider bytes synthetic) (6554.6838ms)
ℹ tests 20
ℹ suites 0
ℹ pass 20
ℹ fail 0
ℹ cancelled 0
ℹ skipped 0
ℹ todo 0
ℹ duration_ms 12939.3443
