branch:
sales-intelligence
HEAD:
3355c6dcf68ed2c092824dc1dbb87c71a3f0c343
remote:
origin	https://github.com/jbell-rusty-vantage/vantage-movers-server.git (fetch)
origin	https://github.com/jbell-rusty-vantage/vantage-movers-server.git (push)
status:
 M docs/call-sales-intelligence/02-domain-models.md
 M docs/call-sales-intelligence/03-server-pipeline-and-jobs.md
 M docs/call-sales-intelligence/04-server-routes.md
 M docs/call-sales-intelligence/workspace/CONTRACTS.md
 M docs/call-sales-intelligence/workspace/LEDGER.md
 M docs/call-sales-intelligence/workspace/teams/c-outreach.md
 M docs/index.md
 M docs/knowledge/services/number-activity-reads.md
 M docs/knowledge/services/sales-intelligence-outreach.md
 M package.json
 M src/config/domain/salesIntelligence.ts
 M src/models/OwnerRepNudge.ts
 M src/models/salesIntelligence/infrastructure.ts
 M src/routes/sales-intelligence-admin.routes.ts
 M src/routes/sales-intelligence-cron.routes.ts
 M src/services/numberActivity/jobDispatch.ts
 M src/services/salesIntelligence/conversations/eligibility.ts
 M src/services/salesIntelligence/jobs.ts
 M src/services/salesIntelligence/outreach/ensure.ts
 M src/services/salesIntelligence/outreach/reads.ts
 M src/services/salesIntelligence/outreach/timeline.ts
 M src/services/salesIntelligence/policy.ts
 M src/services/salesIntelligence/transactions.ts
 M src/validation/v1/salesIntelligence.ts
 M vercel.json
?? docs/call-sales-intelligence/workspace/evidence/csi-10/
?? docs/call-sales-intelligence/workspace/evidence/csi-14/
?? docs/knowledge/services/sales-intelligence-nudges.md
?? docs/knowledge/services/sales-intelligence-rep-identity.md
?? scripts/test-csi-nudges.replica.test.ts
?? scripts/test-csi-nudges.ts
?? scripts/test-csi-rep-identity.replica.test.ts
?? scripts/test-csi-rep-identity.ts
?? src/services/salesIntelligence/nudges/
?? src/services/salesIntelligence/repIdentity/
