
> vantage_movers_server@1.0.0 test:csi:replica C:\Users\Pinda\Proyectos\vantage\vantage-main-server
> node --import tsx scripts/test-csi-foundation.ts

CSI isolated replica proof: testvantagemovers_csi4f5431e19016; loopback replica csi01 on port 27189
▶ CSI-01 isolated replica proof
  ✔ migration report does not write; unresolved accounts block apply; verified mappings preserve legacy data (5936.1928ms)
  ✔ runtime fails closed without a unique fence; obsolete single-action index blocks migration (1141.7421ms)
  ✔ bounded retries and permission pause preserve pending work (273.9771ms)
  ✔ analysis content finalizes once and snapshots remain immutable (249.3552ms)
  ✔ subject, alias, commitment and submission fences; multiple nullable dates (147.3596ms)
  ✔ idempotency replay/conflict and transaction rollback of aggregate/audit/job/command (268.066ms)
  ✔ concurrent Owner revisions have one winner (115.24ms)
  ✔ concurrent same-key commands replay once (138.6589ms)
  ✔ job dedupe, claim recovery, old epochs and expiry inside effect transaction (575.5829ms)
  ✔ budget races never over-admit and reconcile/release once (310.5961ms)
  ✔ job dedupe cannot replay across deployments (82.63ms)
  ✔ stored run token enforces job subject, deployment and current lease (261.7133ms)
  ✔ new budget period resumes current dataset once, not future periods or permission pauses (200.2235ms)
  ✔ policy CAS preserves immutable versions and one concurrent winner (468.7729ms)
✔ CSI-01 isolated replica proof (10360.3899ms)
ℹ tests 15
ℹ suites 0
ℹ pass 15
ℹ fail 0
ℹ cancelled 0
ℹ skipped 0
ℹ todo 0
ℹ duration_ms 13177.8162
