
> vantage_movers_server@1.0.0 test:csi:outreach:replica C:\Users\Pinda\Proyectos\vantage\vantage-main-server
> node --import tsx scripts/test-csi-outreach.ts

CSI-06 isolated replica proof: testvantagemovers_csi06cb06407f7955; loopback replica csi01 on port 27189
{"level":"info","time":"2026-09-18T22:51:44.670Z","service":"vantage-main-server","env":"development","msg":"mongo.dns.servers_configured","servers":["8.8.8.8","1.1.1.1"]}
▶ CSI-06 disposable replica
  ✔ inbound human opens; missed does not; no-answer/voicemail exact outcomes (636.9095ms)
  ✔ duplicate misses keep first deadline, late callback resolves and older miss cannot resurrect (581.5871ms)
  ✔ three actions including undated; individual completion and snooze contracts (532.6236ms)
  ✔ Alex/Jordan/Casey, duplicate apply, repeated promise, Owner correction beats applying run (679.1512ms)
  ✔ unknown promising rep remains unassigned despite overall owner; voicemail never human (339.0866ms)
  ✔ concurrent Owner date correction and worker revision serialize without losing the Owner instruction (616.5753ms)
  ✔ official closure while identity blocked wins over attach; cancellations retained (466.2374ms)
  ✔ closed work new request stays Closed and review; no Number Review evasion (274.1323ms)
  ✔ restriction pauses Owner callback without rewriting it; review dismissal cannot lift (665.3342ms)
  ✔ Owner note no implied contact/work; CAS race and durable idempotent response (326.1853ms)
  ✔ registered worker, duplicate wake-up, stage and expired-lease fences; flags off (494.2159ms)
  ✔ GET does not mutate and Number detail returns plural Outreach DTOs (469.2123ms)
  ✔ two callbacks from one source with distinct dates stay independently addressable (614.6376ms)
  ✔ wait callback keeps Jordan, independent estimate remains active; expiry never rewaits (436.3125ms)
  ✔ permanent suppression blocks reopen; ordinary close/reopen never revives cancelled action (528.0012ms)
  ✔ Owner contact-type correction is immediate while AI off; unknown retracts contact stamp (307.1437ms)
  ✔ fulfilled source commitment dedupes after completion evidence changes; old promise after Booking is blocked (498.6702ms)
  ✔ old mapped missed traffic creates Number Review without age expiry; ambiguous Lead does not (414.8924ms)
  ✔ EntityChange applied_at source closes No-Sync Lead without updating source timestamp (5038.3769ms)
  ✔ watermark baseline/recovery scans execute without providers (2422.6363ms)
  ✔ Attention immutable pagination, one row per subject, all reads remain read-only (1160.5987ms)
✔ CSI-06 disposable replica (20860.7126ms)
ℹ tests 22
ℹ suites 0
ℹ pass 22
ℹ fail 0
ℹ cancelled 0
ℹ skipped 0
ℹ todo 0
ℹ duration_ms 30685.7527
