[purge] mode=APPLY manifest_hash=6f4c91c1c854d9fe66c151432184e73673554ab3b557cbf19ba17636639b14f9 generated_at=2026-10-04T22:34:29.887Z
[purge] deployed server commit: 6123f85e919cb329203eb541ad38b3c280d22576 (vercel deployment dpl_Bv8nqwGNDFsCn95PC5rVmTAjdUN2)
[purge] a.assert {"ok":true,"deployed_server_commit":"6123f85e919cb329203eb541ad38b3c280d22576","cutover_gate":{"cutover_at":"2026-10-04T22:19:00Z","quiet_since":"2026-10-04T22:20:18.396Z","old_deployments_removed":["dpl_AgiK1HxTyUbwo9Qr3454xT6nqgWZ","dpl_DAmEV9zuT7QHifd2wtPpBHYP13Xc"],"old_deployments_kept":false,"slim_vercel_deployment_id":"dpl_Bv8nqwGNDFsCn95PC5rVmTAjdUN2","claimable_jobs_before_cutover":{},"newest_writes":[{"ns":"vantagemovers.operational_events","last_insert_at":"2026-10-04T22:15:46.000Z","last_write_field_at":"2026-10-04T22:15:46.690Z","field":"updatedAt"},{"ns":"vantagemovers.operational_incidents","last_insert_at":"2026-10-04T20:46:08.000Z","last_write_field_at":"2026-10-04T22:14:01.494Z","field":"updatedAt"},{"ns":"vantagemovers.notification_deliveries","last_insert_at":"2026-10-04T22:14:34.000Z","last_write_field_at":"2026-10-04T22:14:34.161Z","field":"updatedAt"},{"ns":"vantagemovers.lead_conversations","last_insert_at":"2026-10-04T22:14:01.000Z","last_write_field_at":"2026-10-04T22:16:02.181Z","field":"updatedAt"},{"ns":"vantagemovers.intelligence_runs","last_insert_at":"2026-10-04T20:34:35.000Z","last_write_field_at":"2026-10-04T21:59:12.523Z","field":"updatedAt"},{"ns":"vantagemovers.intelligence_evidence_snapshots","last_insert_at":"2026-10-01T15:14:08.000Z","last_write_field_at":"2026-10-01T15:14:08.224Z","field":"updatedAt"},{"ns":"vantagemovers.intelligence_submissions","last_insert_at":"2026-09-29T20:06:46.000Z","last_write_field_at":"2026-09-29T20:06:46.132Z","field":"updatedAt"},{"ns":"vantagemovers.intelligence_findings","last_insert_at":"2026-09-29T20:06:47.000Z","last_write_field_at":"2026-09-29T20:06:47.101Z","field":"updatedAt"},{"ns":"vantagemovers.intelligence_effects","last_insert_at":"2026-09-29T20:06:36.000Z","last_write_field_at":"2026-09-29T20:06:36.625Z","field":"updatedAt"},{"ns":"vantagemovers.intelligence_owner_assessments","last_insert_at":"2026-09-26T05:33:01.000Z","last_write_field_at":"2026-09-26T05:33:01.230Z","field":"updatedAt"},{"ns":"vantagemovers.move_assessment_artifacts","last_insert_at":"2026-10-04T21:06:01.000Z","last_write_field_at":"2026-10-04T22:01:11.471Z","field":"updatedAt"},{"ns":"vantagemovers.sales_intelligence_ai_budget","last_insert_at":"2026-10-01T04:00:03.000Z","last_write_field_at":"2026-10-04T22:15:05.319Z","field":"updatedAt"},{"ns":"vantagemovers.sales_intelligence_ai_reservations","last_insert_at":"2026-10-04T22:02:02.000Z","last_write_field_at":"2026-10-04T22:15:05.317Z","field":"updatedAt"},{"ns":"vantagemovers.sales_intelligence_attention_snapshots","last_insert_at":"2026-10-04T22:16:16.000Z","last_write_field_at":"2026-10-04T22:16:16.982Z","field":"updatedAt"},{"ns":"vantagemovers.sales_intelligence_attention_artifacts","last_insert_at":"2026-10-04T22:16:16.000Z","last_write_field_at":"2026-10-04T22:16:16.842Z","field":"updatedAt"},{"ns":"vantagemovers.outreach_records","last_insert_at":"2026-10-04T22:14:37.000Z","last_write_field_at":"2026-10-04T22:15:01.262Z","field":"updatedAt"},{"ns":"vantagemovers.outreach_followups","last_insert_at":"2026-10-04T21:05:02.000Z","last_write_field_at":"2026-10-04T21:05:02.248Z","field":"updatedAt"},{"ns":"vantagemovers.outreach_band_transitions","last_insert_at":"2026-10-04T22:16:17.000Z","last_write_field_at":"2026-10-04T22:16:17.027Z","field":"updatedAt"},{"ns":"vantagemovers.outreach_rep_days","last_insert_at":null,"last_write_field_at":null,"field":null},{"ns":"vantageadmin.admin_audit_logs","last_insert_at":"2026-10-04T20:41:58.000Z","last_write_field_at":null,"field":null},{"ns":"vantagemovershistorical.agents","last_insert_at":"2026-05-26T21:23:31.000Z","last_write_field_at":"2026-05-26T21:23:31.059Z","field":"updatedAt"},{"ns":"vantagemovershistorical.booked_leads","last_insert_at":"2026-05-22T21:51:40.000Z","last_write_field_at":"2026-05-26T21:23:50.848Z","field":"updatedAt"},{"ns":"vantagemovershistorical.call_leads","last_insert_at":"2026-06-16T19:54:45.000Z","last_write_field_at":"2026-06-16T20:19:13.115Z","field":"updatedAt"},{"ns":"vantagemovershistorical.cancelled_leads","last_insert_at":"2026-05-22T21:52:30.000Z","last_write_field_at":"2026-05-22T22:04:36.855Z","field":"updatedAt"},{"ns":"vantagemovershistorical.customers","last_insert_at":"2026-05-22T21:52:27.000Z","last_write_field_at":"2026-05-22T21:52:27.206Z","field":"updatedAt"},{"ns":"vantagemovershistorical.form_leads","last_insert_at":"2026-05-22T21:35:31.000Z","last_write_field_at":"2026-05-22T22:08:18.821Z","field":"updatedAt"}]},"before":{"databases":[{"name":"admin","size_on_disk":"0.3 MB"},{"name":"config","size_on_disk":"0.6 MB"},{"name":"local","size_on_disk":"5687.1 MB"},{"name":"testvantagemovers","size_on_disk":"1.0 MB"},{"name":"testvantagemovers_dlc01","size_on_disk":"2.2 MB"},{"name":"vantageadmin","size_on_disk":"1.4 MB"},{"name":"vantagemovers","size_on_disk":"857.2 MB"},{"name":"vantagemovershistorical","size_on_disk":"14.1 MB"}],"db_stats":{"vantagemovers":{"collections":119,"objects":1029792,"data":"2610.3 MB","storage":"698.4 MB","indexes":"158.8 MB"},"vantageadmin":{"collections":3,"objects":2570,"data":"1.6 MB","storage":"0.7 MB","indexes":"0.7 MB"}}}}
[purge] b.backup {"label":"vantagemovers.operational_events","documents":15852,"sha256":"7ce87695a2e71b4dda7c4fdf0b4723e7617787b64f3006532f0bacca123de7f6","size":"1.1 MB"}
[purge] b.backup {"label":"vantagemovers.operational_incidents","documents":29,"sha256":"55d562d322ab4998e2ba65ed03dd76bfae740715e7e65aaa87c9e8a6cd7a2e33","size":"0.0 MB"}
[purge] b.backup {"label":"vantagemovers.notification_deliveries","documents":135,"sha256":"4968489a6dc40179c937d077eab27da63fbc31f80f77288d945289311d3b9e60","size":"0.0 MB"}
[purge] b.backup {"label":"vantagemovers.lead_conversations","documents":4153,"sha256":"c08eb5212e0d3fa9276b82e88e3de5931de9fab0bd12c8ef7a0503c33a67d3fb","size":"3.2 MB"}
[purge] b.backup {"label":"vantagemovers.intelligence_runs","documents":10547,"sha256":"e031f4bf0925b23f9ba0d186aa4b4c50f228bc5dacb739bcb4cdb352def1ee98","size":"43.0 MB"}
[purge] b.backup {"label":"vantagemovers.intelligence_evidence_snapshots","documents":53161,"sha256":"a26ff13bf06ba427b80be5449d7a36b9694f21e7971734f8a40e6bf8d568f74e","size":"107.6 MB"}
[purge] b.backup {"label":"vantagemovers.intelligence_submissions","documents":9183,"sha256":"ed8826f5a5e0cc2a7caf82fa2720dc5f35481ebaef5c06cbdf28c8f645e79ba6","size":"15.0 MB"}
[purge] b.backup {"label":"vantagemovers.intelligence_findings","documents":74971,"sha256":"811ccdefff82dc3be3cf6ef1c6475d4ab36e7d9f55210a4166182e64c3e67693","size":"8.4 MB"}
[purge] b.backup {"label":"vantagemovers.intelligence_effects","documents":17176,"sha256":"5fc81bd1b9cd657aa6bece54e0ab45b1b786c2b43cb719e17bd34ae587669c6a","size":"1.0 MB"}
[purge] b.backup {"label":"vantagemovers.intelligence_owner_assessments","documents":12,"sha256":"448bbc2e0ed3412556c3cfd4e89222be98fad435ba8224392388b41ee405de15","size":"0.0 MB"}
[purge] b.backup {"label":"vantagemovers.move_assessment_artifacts","documents":2512,"sha256":"964ce070a5c1ccbe0d7b9bcc6080b1741fa745b58744a417b94c9969d3861937","size":"2.9 MB"}
[purge] b.backup {"label":"vantagemovers.sales_intelligence_ai_budget","documents":2,"sha256":"fdafd45d52270d0083db45e33c6721d1b51364b97dddc70d7fec09d583a6a81f","size":"0.0 MB"}
[purge] b.backup {"label":"vantagemovers.sales_intelligence_ai_reservations","documents":33852,"sha256":"ef3dbc5df7bbcc0922815322b3bfbd11300dd9a195b58adf2e60e7ef11630999","size":"2.1 MB"}
[purge] b.backup {"label":"vantagemovers.sales_intelligence_attention_snapshots","documents":1,"sha256":"4fb8bead7da8a8a9f7158f9f61db9b05c746a957312ff6b47374e6faee500878","size":"0.0 MB"}
[purge] b.backup {"label":"vantagemovers.sales_intelligence_attention_artifacts","documents":1032,"sha256":"091e11fa89c11b480a03e8a8f4ecdab3dc3a64207e54119123eab1bd8bcd526c","size":"7.3 MB"}
[purge] b.backup {"label":"vantagemovers.outreach_records","documents":8721,"sha256":"da575c4ffddfbf455b72b269cbcd7e83bc94bf74518b44fcd33d88e007a3e88e","size":"1.1 MB"}
[purge] b.backup {"label":"vantagemovers.outreach_followups","documents":593,"sha256":"30bbc26f23cc262c4341ab004c9f058250bcf4f915f6d0e61bb5b9d5a44188e1","size":"0.1 MB"}
[purge] b.backup {"label":"vantagemovers.outreach_band_transitions","documents":7160,"sha256":"00e38113c5924145161416621bea7ac0d028fe36c999076e697f400d704b97d7","size":"0.3 MB"}
[purge] b.backup {"label":"vantagemovers.outreach_rep_days","documents":78,"sha256":"b5c47c6e8e4c35bf55cea2c749acb582b682313a3299f28b33c642b54c9d225e","size":"0.0 MB"}
[purge] b.backup {"label":"vantageadmin.admin_audit_logs","documents":2561,"sha256":"cdb7e7f25d485bca11de83ee60b3fbe95d0d781ebd4d99052db3015466945f38","size":"0.2 MB"}
[purge] b.backup {"label":"vantagemovershistorical.agents","documents":48,"sha256":"a13605bd728fd7e268ac15986069ed8f0eb0c0c514469a8e29240e98026a52b6","size":"0.0 MB"}
[purge] b.backup {"label":"vantagemovershistorical.booked_leads","documents":4769,"sha256":"5a789eda51630fa4d47872f2caa9e736fdf8903389234cfc31ac01c13a00431d","size":"0.5 MB"}
[purge] b.backup {"label":"vantagemovershistorical.call_leads","documents":3354,"sha256":"a0666a5e9737a4efe629dcca2a0dcc5340de8debca9dc4d00746971bdeb02344","size":"0.2 MB"}
[purge] b.backup {"label":"vantagemovershistorical.cancelled_leads","documents":365,"sha256":"c6640d7755d8740e51b84a007a1230314e6a632d98b9e437960642d7566fb501","size":"0.0 MB"}
[purge] b.backup {"label":"vantagemovershistorical.customers","documents":4535,"sha256":"226df7c92f4ebef57e2809f8618a22e05b36d228147e1c41a821ee888c7694a8","size":"0.1 MB"}
[purge] b.backup {"label":"vantagemovershistorical.form_leads","documents":10223,"sha256":"03d2a202889453beab11e16689c7883b3dac7dbff2bceadc6f1cbdde60c73eed","size":"1.8 MB"}
[purge] b.backup {"label":"cleanup-C1-contact-numbers-dead-fields","documents":7073,"sha256":"e3aa4281193e97b49ea788e82dd80639bb72bd3c67b7fa7fe7c7e9fb686bed0d","size":"1.4 MB"}
[purge] b.backup {"label":"cleanup-C2-legacy-stage-jobs","documents":130892,"sha256":"3941e53941188068fb687065a26f402971c64ea2a86dc53eee667f692f72b5fe","size":"12.3 MB"}
[purge] b.backup {"label":"cleanup-C3-retired-sync-scopes","documents":6,"sha256":"74ef8a346956860bd4ecdfd5b66c4e9e50a78e873b03410e3c4ee9573a634d91","size":"0.0 MB"}
[purge] b.backup {"label":"cleanup-C6-outreach-cursor-sync-scopes","documents":5,"sha256":"0527314d110984008076c7d9f0f0f9eb842f41499ee258422dc3d5565faed9ed","size":"0.0 MB"}
[purge] b.backup {"label":"cleanup-C4-retired-audit-events","documents":108109,"sha256":"32246eca8c81a6814217fd06500b7b820b09ed1b9a5547eced90fa7d11321b9c","size":"15.7 MB"}
[purge] b.backup {"label":"cleanup-C5-contact-numbers-retention-fields","documents":7073,"sha256":"e3aa4281193e97b49ea788e82dd80639bb72bd3c67b7fa7fe7c7e9fb686bed0d","size":"1.4 MB"}
[purge] b.backup {"label":"cleanup-C7-call-interactions-conversation-pointers","documents":8836,"sha256":"c48ff5bb76bb8a1ed8012fa289f602668f7f9caa2fc183b586de9fe35885199b","size":"2.3 MB"}
[purge] b.blob_backup_skipped {"reason":"--skip-blob-backup","keys":3032}
[purge] c.cleanup {"id":"C1-contact-numbers-dead-fields","kind":"unset_fields","processed":7073}
[purge] c.cleanup {"id":"C2-legacy-stage-jobs","terminalized":0,"deleted":130840}
[purge] c.cleanup {"id":"C3-retired-sync-scopes","kind":"delete_exact","processed":6}
[purge] c.cleanup {"id":"C6-outreach-cursor-sync-scopes","kind":"delete_exact","processed":5}
[purge] c.cleanup {"id":"C4-retired-audit-events","kind":"delete_filter","processed":108109}
[purge] c.cleanup {"id":"C5-contact-numbers-retention-fields","kind":"unset_fields","processed":7073}
[purge] c.cleanup {"id":"C7-call-interactions-conversation-pointers","kind":"unset_fields","processed":8836}
[purge] d.blob_delete {"deleted":3032,"already_absent":0,"remaining_under_prefix":0}
[purge] e.drop_collection {"namespace":"vantagemovers.operational_events","documents":15852}
[purge] e.drop_collection {"namespace":"vantagemovers.operational_incidents","documents":29}
[purge] e.drop_collection {"namespace":"vantagemovers.notification_deliveries","documents":135}
[purge] e.drop_collection {"namespace":"vantagemovers.lead_conversations","documents":4153}
[purge] e.drop_collection {"namespace":"vantagemovers.intelligence_runs","documents":10547}
[purge] e.drop_collection {"namespace":"vantagemovers.intelligence_evidence_snapshots","documents":53161}
[purge] e.drop_collection {"namespace":"vantagemovers.intelligence_submissions","documents":9183}
[purge] e.drop_collection {"namespace":"vantagemovers.intelligence_findings","documents":74971}
[purge] e.drop_collection {"namespace":"vantagemovers.intelligence_effects","documents":17176}
[purge] e.drop_collection {"namespace":"vantagemovers.intelligence_owner_assessments","documents":12}
[purge] e.drop_collection {"namespace":"vantagemovers.move_assessment_artifacts","documents":2512}
[purge] e.drop_collection {"namespace":"vantagemovers.sales_intelligence_ai_budget","documents":2}
[purge] e.drop_collection {"namespace":"vantagemovers.sales_intelligence_ai_reservations","documents":33852}
[purge] e.drop_collection {"namespace":"vantagemovers.sales_intelligence_attention_snapshots","documents":1}
[purge] e.drop_collection {"namespace":"vantagemovers.sales_intelligence_attention_artifacts","documents":1032}
[purge] e.drop_collection {"namespace":"vantagemovers.outreach_records","documents":8721}
[purge] e.drop_collection {"namespace":"vantagemovers.outreach_followups","documents":593}
[purge] e.drop_collection {"namespace":"vantagemovers.outreach_band_transitions","documents":7160}
[purge] e.drop_collection {"namespace":"vantagemovers.outreach_rep_days","documents":78}
[purge] e.drop_collection {"namespace":"vantageadmin.admin_audit_logs","documents":2561}
[purge] f.drop_database {"database":"vantagemovershistorical","collections":6}
[purge] g.verify {"ok":true,"before":{"databases":[{"name":"admin","size_on_disk":"0.3 MB"},{"name":"config","size_on_disk":"0.6 MB"},{"name":"local","size_on_disk":"5687.1 MB"},{"name":"testvantagemovers","size_on_disk":"1.0 MB"},{"name":"testvantagemovers_dlc01","size_on_disk":"2.2 MB"},{"name":"vantageadmin","size_on_disk":"1.4 MB"},{"name":"vantagemovers","size_on_disk":"857.2 MB"},{"name":"vantagemovershistorical","size_on_disk":"14.1 MB"}],"db_stats":{"vantagemovers":{"collections":119,"objects":1029792,"data":"2610.3 MB","storage":"698.4 MB","indexes":"158.8 MB"},"vantageadmin":{"collections":3,"objects":2570,"data":"1.6 MB","storage":"0.7 MB","indexes":"0.7 MB"}}},"after":{"databases":[{"name":"admin","size_on_disk":"0.3 MB"},{"name":"config","size_on_disk":"0.6 MB"},{"name":"local","size_on_disk":"5687.1 MB"},{"name":"testvantagemovers","size_on_disk":"1.0 MB"},{"name":"testvantagemovers_dlc01","size_on_disk":"2.2 MB"},{"name":"vantageadmin","size_on_disk":"0.2 MB"},{"name":"vantagemovers","size_on_disk":"551.2 MB"}],"db_stats":{"vantagemovers":{"collections":100,"objects":551482,"data":"737.7 MB","storage":"357.4 MB","indexes":"193.8 MB"},"vantageadmin":{"collections":2,"objects":9,"data":"0.0 MB","storage":"0.0 MB","indexes":"0.2 MB"}}},"protected":[{"namespace":"vantagemovers.granot_webhook_receipts","count":7436},{"namespace":"vantagemovers.entity_changes","count":11175},{"namespace":"vantagemovers.daily_operations_events","count":18854},{"namespace":"vantagemovers.daily_operations_days","count":27},{"namespace":"vantagemovers.sales_intelligence_jobs","count":91652},{"namespace":"vantagemovers.sales_intelligence_sync_state","count":35},{"namespace":"vantagemovers.sales_intelligence_sync_windows","count":0},{"namespace":"vantagemovers.sales_intelligence_audit_events","count":172158},{"namespace":"vantagemovers.sales_intelligence_command_executions","count":813},{"namespace":"vantagemovers.sales_intelligence_policy_versions","count":4},{"namespace":"vantagemovers.sales_intelligence_policy_pointers","count":1},{"namespace":"vantagemovers.sales_intelligence_contact_restrictions","count":16},{"namespace":"vantagemovers.sales_intelligence_owner_instructions","count":4},{"namespace":"vantagemovers.sales_intelligence_review_items","count":12206},{"namespace":"vantagemovers.owner_rep_nudges","count":12},{"namespace":"vantagemovers.contact_numbers","count":7075},{"namespace":"vantagemovers.call_interactions","count":8837},{"namespace":"vantagemovers.call_interaction_aliases","count":26512},{"namespace":"vantagemovers.number_lead_attachments","count":6763},{"namespace":"vantagemovers.rep_identity_links","count":12},{"namespace":"vantagemovers.ringcentral_directory_snapshots","count":2},{"namespace":"vantagemovers.reporting_definitions","count":7},{"namespace":"vantagemovers.reporting_definition_revisions","count":7},{"namespace":"vantagemovers.reporting_deliveries","count":4},{"namespace":"vantagemovers.reporting_destinations","count":2},{"namespace":"vantagemovers.reporting_previews","count":0},{"namespace":"vantagemovers.reporting_run_confirmations","count":0},{"namespace":"vantagemovers.reporting_run_manifests","count":0},{"namespace":"vantagemovers.reporting_runs","count":4},{"namespace":"vantagemovers.customers","count":851},{"namespace":"vantagemovers.agents","count":20},{"namespace":"vantagemovers.form_leads","count":6781},{"namespace":"vantagemovers.call_leads","count":1777},{"namespace":"vantagemovers.booked_leads","count":867},{"namespace":"vantagemovers.cancelled_leads","count":48},{"namespace":"vantagemovers.granot_observations","count":7436},{"namespace":"vantagemovers.synchronization_decisions","count":13331},{"namespace":"vantagemovers.granot_record_links","count":3056},{"namespace":"vantagemovers.granot_lifecycle_activations","count":1},{"namespace":"vantagemovers.domain_command_executions","count":7565},{"namespace":"vantagemovers.operations_registry_changes","count":71},{"namespace":"vantageadmin.admin_users","count":9},{"namespace":"vantageadmin.admin_user_invites","count":0}]}
[purge] done. Backup and log: C:\Users\Pinda\vantage-slimming-cutover\slimming-purge-2026-10-04T22-36-23-489Z
exit=0
