CSI-10 isolated replica proof: testvantagemovers_csi103de038144760; loopback replica csi01 on port 27189; no .env or providers
{"level":"info","time":"2026-09-19T04:40:26.721Z","service":"vantage-main-server","env":"development","msg":"mongo.dns.servers_configured","servers":["8.8.8.8","1.1.1.1"]}
▶ CSI-10 disposable replica
  ✔ proposal run exact remains proposed, ambiguous and unmatched remain visible without invented links (233.5776ms)
  ✔ review replay, changed payload and stale revision; reruns preserve decisions (176.1847ms)
  ✔ non-User target rejects; account scope and multiple extensions per Agent (160.0872ms)
  ✔ concurrent competing assignments serialize; historical overlaps reject even without open ends (183.5255ms)
  ✔ atomic reassignment boundaries and retirement preserve reviewed historical identity (142.5925ms)
  ✔ GET services are read-only, paginate, expose unknown metrics (148.6743ms)
  ✔ incomplete directory blocks Owner creation; retired history is not overwritten by proposal reruns (99.7691ms)
  ✔ unchanged call revision re-evaluates durably; Owner assignments, unassignment, actions and closure survive (794.984ms)
  ✔ officially closed work stays closed after reviewed identity is available; source facts unchanged (170.946ms)
  ✔ bounded pages reach deferred eligibility and existing STT scheduler without providers (1135.0336ms)
  ✔ official Agent records unchanged and flags remain off (2.6568ms)
✔ CSI-10 disposable replica (6340.6039ms)
ℹ tests 12
ℹ suites 0
ℹ pass 12
ℹ fail 0
ℹ cancelled 0
ℹ skipped 0
ℹ todo 0
ℹ duration_ms 10712.2207
