
> vantage_movers_server@1.0.0 typecheck C:\Users\Pinda\Proyectos\vantage\vantage-main-server
> tsc --noEmit

src/services/salesIntelligence/followups/commands.ts(194,42): error TS2769: No overload matches this call.
  Overload 1 of 2, '(filter: _QueryFilter<{ _id: ObjectId; createdAt: Date; updatedAt: Date; subject: { kind: "lead" | "number_review"; id?: ObjectId | null | undefined; model?: "FormLead" | "CallLead" | null | undefined; contact_number_id?: ObjectId | ... 1 more ... | undefined; }; ... 39 more ...; "next_action.followup_id": ObjectId; }>): Query<...>', gave the following error.
    Argument of type '{ state: "identity_review"; primary_contact_number_id: string; "subject.model"?: undefined; "subject.id"?: undefined; } | { state: "identity_review"; "subject.model": string; "subject.id": string; primary_contact_number_id?: undefined; }' is not assignable to parameter of type '_QueryFilter<{ _id: ObjectId; createdAt: Date; updatedAt: Date; subject: { kind: "lead" | "number_review"; id?: ObjectId | null | undefined; model?: "FormLead" | "CallLead" | null | undefined; contact_number_id?: ObjectId | ... 1 more ... | undefined; }; ... 39 more ...; "next_action.followup_id": ObjectId; }>'.
      Type '{ state: "identity_review"; "subject.model": string; "subject.id": string; primary_contact_number_id?: undefined; }' is not assignable to type '_QueryFilter<{ _id: ObjectId; createdAt: Date; updatedAt: Date; subject: { kind: "lead" | "number_review"; id?: ObjectId | null | undefined; model?: "FormLead" | "CallLead" | null | undefined; contact_number_id?: ObjectId | ... 1 more ... | undefined; }; ... 39 more ...; "next_action.followup_id": ObjectId; }>'.
        Types of property '"subject.model"' are incompatible.
          Type 'string' is not assignable to type 'StrictCondition<ApplyBasicQueryCasting<"FormLead" | "CallLead" | null | undefined>>'.
  Overload 2 of 2, '(filter: Query<any, any, {}, unknown, "find", Record<string, never>>): Query<{ _id: ObjectId; } | null, Document<unknown, {}, Row, {}, DefaultSchemaOptions> & ... 4 more ... & { ...; }, {}, Row, "findOne", {}>', gave the following error.
    Argument of type '{ state: string; primary_contact_number_id: string; "subject.model"?: undefined; "subject.id"?: undefined; } | { state: string; "subject.model": string; "subject.id": string; primary_contact_number_id?: undefined; }' is not assignable to parameter of type 'Query<any, any, {}, unknown, "find", Record<string, never>>'.
      Object literal may only specify known properties, and 'state' does not exist in type 'Query<any, any, {}, unknown, "find", Record<string, never>>'.
src/services/salesIntelligence/followups/commands.ts(195,46): error TS2769: No overload matches this call.
  Overload 1 of 2, '(filter: _QueryFilter<{ _id: ObjectId; createdAt: NonNullable<NativeDate & Date>; updatedAt: NonNullable<NativeDate & Date>; ... 37 more ...; "lead_snapshot.refreshed_at": NativeDate | ... 1 more ... | undefined; }>): Query<...>', gave the following error.
    Argument of type '{ state: "ambiguous"; contact_number_id: string; "lead_ref.model"?: undefined; "lead_ref.id"?: undefined; } | { state: "ambiguous"; "lead_ref.model": string; "lead_ref.id": string; contact_number_id?: undefined; }' is not assignable to parameter of type '_QueryFilter<{ _id: ObjectId; createdAt: NonNullable<NativeDate & Date>; updatedAt: NonNullable<NativeDate & Date>; ... 37 more ...; "lead_snapshot.refreshed_at": NativeDate | ... 1 more ... | undefined; }>'.
      Type '{ state: "ambiguous"; "lead_ref.model": string; "lead_ref.id": string; contact_number_id?: undefined; }' is not assignable to type '_QueryFilter<{ _id: ObjectId; createdAt: NonNullable<NativeDate & Date>; updatedAt: NonNullable<NativeDate & Date>; ... 37 more ...; "lead_snapshot.refreshed_at": NativeDate | ... 1 more ... | undefined; }>'.
        Types of property '"lead_ref.model"' are incompatible.
          Type 'string' is not assignable to type 'StrictCondition<ApplyBasicQueryCasting<"FormLead" | "CallLead">> | undefined'.
  Overload 2 of 2, '(filter: Query<any, any, {}, unknown, "find", Record<string, never>>): Query<{ _id: ObjectId; } | null, Document<unknown, {}, Row, {}, DefaultSchemaOptions> & ... 5 more ... & { ...; }, {}, Row, "findOne", {}>', gave the following error.
    Argument of type '{ state: string; contact_number_id: string; "lead_ref.model"?: undefined; "lead_ref.id"?: undefined; } | { state: string; "lead_ref.model": string; "lead_ref.id": string; contact_number_id?: undefined; }' is not assignable to parameter of type 'Query<any, any, {}, unknown, "find", Record<string, never>>'.
      Object literal may only specify known properties, and 'state' does not exist in type 'Query<any, any, {}, unknown, "find", Record<string, never>>'.
 ELIFECYCLE  Command failed with exit code 2.
