warning: in the working copy of 'docs/call-sales-intelligence/02-domain-models.md', LF will be replaced by CRLF the next time Git touches it
warning: in the working copy of 'docs/call-sales-intelligence/03-server-pipeline-and-jobs.md', LF will be replaced by CRLF the next time Git touches it
warning: in the working copy of 'docs/call-sales-intelligence/04-server-routes.md', LF will be replaced by CRLF the next time Git touches it
warning: in the working copy of 'docs/call-sales-intelligence/workspace/CONTRACTS.md', LF will be replaced by CRLF the next time Git touches it
warning: in the working copy of 'docs/call-sales-intelligence/workspace/LEDGER.md', LF will be replaced by CRLF the next time Git touches it
warning: in the working copy of 'docs/call-sales-intelligence/workspace/teams/c-outreach.md', LF will be replaced by CRLF the next time Git touches it
warning: in the working copy of 'docs/call-sales-intelligence/workspace/teams/d-intelligence.md', LF will be replaced by CRLF the next time Git touches it
warning: in the working copy of 'docs/index.md', LF will be replaced by CRLF the next time Git touches it
warning: in the working copy of 'docs/knowledge/services/job-number-timeline.md', LF will be replaced by CRLF the next time Git touches it
warning: in the working copy of 'docs/knowledge/services/number-activity-reads.md', LF will be replaced by CRLF the next time Git touches it
warning: in the working copy of 'docs/knowledge/services/sales-intelligence-outreach.md', LF will be replaced by CRLF the next time Git touches it
warning: in the working copy of 'package.json', LF will be replaced by CRLF the next time Git touches it
warning: in the working copy of 'src/config/domain/salesIntelligence.ts', LF will be replaced by CRLF the next time Git touches it
warning: in the working copy of 'src/models/OwnerRepNudge.ts', LF will be replaced by CRLF the next time Git touches it
warning: in the working copy of 'src/models/salesIntelligence/infrastructure.ts', LF will be replaced by CRLF the next time Git touches it
warning: in the working copy of 'src/models/salesIntelligence/intelligence.ts', LF will be replaced by CRLF the next time Git touches it
warning: in the working copy of 'src/routes/sales-intelligence-admin.routes.ts', LF will be replaced by CRLF the next time Git touches it
warning: in the working copy of 'src/routes/sales-intelligence-cron.routes.ts', LF will be replaced by CRLF the next time Git touches it
warning: in the working copy of 'src/routes/v1.routes.ts', LF will be replaced by CRLF the next time Git touches it
warning: in the working copy of 'src/services/jobNumberTimeline/mongo-evidence-loader.ts', LF will be replaced by CRLF the next time Git touches it
warning: in the working copy of 'src/services/numberActivity/jobDispatch.ts', LF will be replaced by CRLF the next time Git touches it
warning: in the working copy of 'src/services/salesIntelligence/conversations/eligibility.ts', LF will be replaced by CRLF the next time Git touches it
warning: in the working copy of 'src/services/salesIntelligence/evidence.ts', LF will be replaced by CRLF the next time Git touches it
warning: in the working copy of 'src/services/salesIntelligence/jobs.ts', LF will be replaced by CRLF the next time Git touches it
warning: in the working copy of 'src/services/salesIntelligence/outreach/ensure.ts', LF will be replaced by CRLF the next time Git touches it
warning: in the working copy of 'src/services/salesIntelligence/outreach/reads.ts', LF will be replaced by CRLF the next time Git touches it
warning: in the working copy of 'src/services/salesIntelligence/outreach/timeline.ts', LF will be replaced by CRLF the next time Git touches it
warning: in the working copy of 'src/services/salesIntelligence/policy.ts', LF will be replaced by CRLF the next time Git touches it
warning: in the working copy of 'src/services/salesIntelligence/transactions.ts', LF will be replaced by CRLF the next time Git touches it
warning: in the working copy of 'src/validation/intelligence/intelligenceEnvelope.validation.ts', LF will be replaced by CRLF the next time Git touches it
warning: in the working copy of 'src/validation/v1/salesIntelligence.ts', LF will be replaced by CRLF the next time Git touches it
warning: in the working copy of 'vercel.json', LF will be replaced by CRLF the next time Git touches it
