CSI-17 disposable proof: testvantagemovers_csi174a61219c0243; loopback replica csi01:27189; synthetic evidence only
{"level":"info","time":"2026-09-19T02:56:51.244Z","service":"vantage-main-server","env":"development","msg":"mongo.dns.servers_configured","servers":["8.8.8.8","1.1.1.1"]}
▶ CSI-17 durable intake, authority and replay on disposable replica
  ✔ real HTTP named-key boundary, signed claims and strict argument denials (492.719ms)
  ✔ concurrent capture freezes one immutable response; duplicate submit creates one paused intent (435.7757ms)
  ✔ foreign evidence, field, speaker, target and instruction cannot authorize themselves (205.2667ms)
  ✔ rollback leaves no intake or application intent; timeout after commit recovers same receipt (322.302ms)
  ✔ submission wins against a late read without extending finalized manifest (227.6699ms)
  ✔ original evidence replays stored prompt and response without invoking current reader (185.0919ms)
  ✔ evidence bounds, completed run and missing retained evidence fail closed (199.4768ms)
  ✔ revocation after evidence computation cannot persist under the old lease (141.8425ms)
✔ CSI-17 durable intake, authority and replay on disposable replica (5180.9773ms)
ℹ tests 9
ℹ suites 0
ℹ pass 9
ℹ fail 0
ℹ cancelled 0
ℹ skipped 0
ℹ todo 0
ℹ duration_ms 9135.7644
